---
source: src/protocol/halfblocks.rs
expression: terminal.backend()
---
"                                                                                "
"         🭟🬂🬂🬿    .𜶜▀▀▀𜶻    𜷋▀▀🬼                                                 "
"         🬼🭄🭚🭚🭥🬼   🭢🬾 🭝.🭥..🭚🭆🭆🬂🮈                                                 "
"         ⠈🭕🭠𜴏🭚🭢🬾   ⠈🭕🬆🭆🭆🭏🭃🭆🭆🭆🭟΄                                                 "
"      🬭🬭🬭🬭🬭🬃𜴏🭊🭄⠈▀▀▀▀▀𜴀.▀🭆🭆🭆🭆🭉🭗   ˛                                              "
"    .▘🭚𜴏🭊🭚𜴏🭄𜴏🭚🭄🭚🭄🭄🭚🭊🭄🭄🭥·🭆🭆🭆🭉΄   🭇🭗🭥.                                            "
"    ▝▀▀▀▀▀▀𜴉▀▀▀.▀▀▀▀▀▀▀🬭.🭆🭆.🬿  🭠🭗🭥🬿🭏                                            "
"         .🭚🭑🬊𜶻🭝🭙        🭤🬼🬂▀.𜶿🭠΄🬿𜶿🭝🭃                                            "
" 🭝▁▁▁▂▂▂▂🭃🭑🭑🭑🭟🭗          🭢🬼🬂🭂𜴏΄🬿🬿🭟🭗                                             "
"🬦΄🭑🭑🭑🭑🭑🭑🭑🭑🭑🭑🭠΄            🭢🭕🭚🬿🬿🬿🬿🬿🬿🬿🬿𜶿🭢🭕                                        "
"🭢𜶻▂▁▁▁,🭑🭑🭑.🭄🭥.            🭝🭃𜶿🭥🬿𜶿🭥𜶿𜶿🬿˛▁🭝🭃                                        "
"     🭠΄🭑🭑.🭚▀▀🭤🬼          🭇🭙𜶿🬿🭑🭠▔▔΄                                              "
"    🭊΄𜴅🭑🭝🭘🬿▀🬭▀🭢🬾        🭠΄🭥🬿.🭄΄                                                 "
"    🬿  🭟🭗 .🬿.▀▀🭢🮂🮂🮂🮂🮂🮂🮂🮂΄🮂🮂🮂𜺫🮂🮂🮂🮂🮂🮂𜷖                                            "
"     🭥🭠΄   🭝🭗▀▀▀⠈🭕🮇🮈▌🮈▌🮈▌▌🮈▌🮈▌▌▎ 🭝🭃                                             "
"          🭇🭗▀🬂▀▀▀.𜷂🮂🮂🮂🮂🭑.▌🮈▌𜷂🮂🮂🮂🮂𜺨                                              "
"         🭟🭗▀▀▀🭠🬾▀▀▀🭥.   🬁🬼🮈▌🮈🭥.                                                 "
"        .🭗▀▀.🭄΄⠈🭕▀▀▀🭏.   🭢🭕▌🮈▌▌                                                 "
"         🭤▀▀𜴂   .𜴅▀▀▀𜴇    .🬂🬂🬂΄                                                 "
"                                                                                "
