---
source: src/protocol/halfblocks/mod.rs
expression: terminal.backend()
---
"                                                                                "
"         ▀▀▀▀▀   ▀▀▀▀▀▀▀  ▀▀▀▀▀                                                 "
"        ▄▄▀▀▀▀▀   ▄▄▄ ▀▀▀▀▀▀▀▀▄▄                                                "
"         ▄▄▀▀▀▀▀▀  ▄▄▀▀▀▀▀▀▀▀▄▄                                                 "
"     ▀▀▀▀▀▀▀▀▀▀▀▀▀▀▀▀▀▀▀▀▀▀▀▄▄   ▀▀                                             "
"    ▀▀▀▀▀▀▀▀▀▀▀▀▀▀▀▀▀▀▀▀▀▀▀▄▄   ▀▀▀▀                                            "
"   ▄▄▄▄▄▄▄▄▀▀▀▀▀▄▄▄▄▄▄▄▄▄▀▀▀▀▀▀▀▀▀▀▀▀                                           "
"         ▀▀▀▄▄▄▄▄      ▄▄▄▀▀▀▀▀▀▀▀▄▄▄                                           "
"▀▀▀▀▀▀▀▀▀▀▄▄▄▄▄          ▄▄▀▄▄▄▀▀▄▄▀▀▀▀                                         "
"▀▀▄▄▄▄▄▄▄▄▄▄▄▄            ▄▄▄▀▀▀▀▀▀▀▀▀▀▀                                        "
"▄▄▄▄▄▄▄▄▄▄▄▀▀▀            ▀▀▀▀▀▄▄▄▄▄▄▄▄▄                                        "
"  ▄▄▄▀▀▄▄▄▀▄▄▀▀         ▀▀▀▀▀ ▄▄▄▄▄▄▄▄▄                                         "
"   ▀▀▀▄▄▄▄▄▄▄▄▀▀       ▀▀▀▀▀▄▄▄                                                 "
"   ▄▄▄ ▄▄▄▄▄▄▄▄▀▀▀▀▀▀▀▀▀▄▄▄▄▀▀▀▀▀▀▀▀                                            "
"    ▄▄▄▄   ▀▀▄▄▄▄▄▄        ▀     ▄▄▄                                            "
"     ▄▄   ▀▀▄▄▄▄▄▄▄▄▄▄▄▄▄  ▀▀▄▄▄▄▄▄                                             "
"         ▀▀▄▄▄▄▄▄▄▄▀▀  ▄▄▄▄ ▀▀▀                                                 "
"        ▀▄▄▄▄▄▄▄▄▄▄▄▀▀   ▄▄▄ ▄▄▄                                                "
"         ▄▄▄▄▄  ▄▄▄▄▄▄▄   ▄▄▄▄▄                                                 "
"                                                                                "
